EN usbport NULL "C:/Users/Al taylor/Documents/Programming/VHDL/USB project/DC7/USBPort.vhd" sub00/vhpl04 1377268211
AR pci behavioral "C:/Users/Al taylor/Documents/Programming/VHDL/USB project/DC7/PCI.vhd" sub00/vhpl01 1377268208
EN dc7_pci NULL "C:/Users/Al taylor/Documents/Programming/VHDL/USB project/DC7/DC7_PCI.vhd" sub00/vhpl06 1377268213
AR bit_diagnostic behavioral "C:/Users/Al taylor/Documents/Programming/VHDL/USB project/DC7/Bit_diagnostic.vhd" sub00/vhpl09 1376567948
AR dc7_pci behave "C:/Users/Al taylor/Documents/Programming/VHDL/USB project/DC7/DC7_PCI.vhd" sub00/vhpl07 1377268214
EN bit_diagnostic NULL "C:/Users/Al taylor/Documents/Programming/VHDL/USB project/DC7/Bit_diagnostic.vhd" sub00/vhpl08 1376567947
AR ssi behavioral "C:/Users/Al taylor/Documents/Programming/VHDL/USB project/DC7/SSI.vhd" sub00/vhpl03 1377268210
EN ssi NULL "C:/Users/Al taylor/Documents/Programming/VHDL/USB project/DC7/SSI.vhd" sub00/vhpl02 1377268209
EN pci NULL "C:/Users/Al taylor/Documents/Programming/VHDL/USB project/DC7/PCI.vhd" sub00/vhpl00 1377268207
AR usbport behavioral "C:/Users/Al taylor/Documents/Programming/VHDL/USB project/DC7/USBPort.vhd" sub00/vhpl05 1377268212
