AR heartbeat behavioral //pluto/users/Peter/heartbeat/heartbeat.vhd sub00/vhpl03 1355740699
EN heartbeat NULL //pluto/users/Peter/heartbeat/heartbeat.vhd sub00/vhpl00 1355740698
EN top NULL //pluto/users/Peter/heartbeat/top.vhd sub00/vhpl04 1355740700
AR top behavioral //pluto/users/Peter/heartbeat/top.vhd sub00/vhpl05 1355740701
EN low_dcm NULL //pluto/users/Peter/heartbeat/low_dcm.vhd sub00/vhpl01 1355740696
AR low_dcm behavioral //pluto/users/Peter/heartbeat/low_dcm.vhd sub00/vhpl02 1355740697
