V3 19
FL C:/Xilinx/Projects/DLP-FPGA/lab2/heartbeat/heartbeat.vhd 2007/06/15.14:08:39 J.33
EN work/heartbeat 1182378319 \
      FL C:/Xilinx/Projects/DLP-FPGA/lab2/heartbeat/heartbeat.vhd \
      PB ieee/std_logic_1164 1173817721 PB ieee/std_logic_arith 1173817723 \
      PB ieee/STD_LOGIC_UNSIGNED 1173817729
AR work/heartbeat/Behavioral 1182378320 \
      FL C:/Xilinx/Projects/DLP-FPGA/lab2/heartbeat/heartbeat.vhd \
      EN work/heartbeat 1182378319
FL C:/Xilinx/Projects/DLP-FPGA/lab2/heartbeat/low_dcm.vhd 2007/06/15.02:42:57 J.33
EN work/low_dcm 1182378317 \
      FL C:/Xilinx/Projects/DLP-FPGA/lab2/heartbeat/low_dcm.vhd \
      PB ieee/std_logic_1164 1173817721 PB ieee/NUMERIC_STD 1173817735 LB UNISIM \
      PH unisim/VCOMPONENTS 1173817964
AR work/low_dcm/BEHAVIORAL 1182378318 \
      FL C:/Xilinx/Projects/DLP-FPGA/lab2/heartbeat/low_dcm.vhd EN work/low_dcm 1182378317 \
      CP BUFG CP IBUFG CP DCM_SP
FL C:/Xilinx/Projects/DLP-FPGA/lab2/heartbeat/top.vhd 2007/06/19.00:02:34 J.33
EN work/top 1182378321 FL C:/Xilinx/Projects/DLP-FPGA/lab2/heartbeat/top.vhd \
      PB ieee/std_logic_1164 1173817721 PB ieee/std_logic_arith 1173817723 \
      PB ieee/STD_LOGIC_UNSIGNED 1173817729
AR work/top/Behavioral 1182378322 \
      FL C:/Xilinx/Projects/DLP-FPGA/lab2/heartbeat/top.vhd EN work/top 1182378321 \
      CP low_dcm CP heartbeat
FL C:/Xilinx/Projects/DLP-FPGA/lab2/heartbeat/top_tb.vhw 2007/06/20.17:18:14 J.33
EN work/top_tb 1182378323 \
      FL C:/Xilinx/Projects/DLP-FPGA/lab2/heartbeat/top_tb.vhw \
      PB ieee/std_logic_1164 1173817721 PB ieee/std_logic_arith 1173817723 \
      PB ieee/STD_LOGIC_UNSIGNED 1173817729 PB ieee/STD_LOGIC_TEXTIO 1173817731 \
      PB std/textio 1173817706
AR work/top_tb/testbench_arch 1182378324 \
      FL C:/Xilinx/Projects/DLP-FPGA/lab2/heartbeat/top_tb.vhw EN work/top_tb 1182378323 \
      CP top
