Release 14.3 - xst P.40xd (nt64)
Copyright (c) 1995-2012 Xilinx, Inc.  All rights reserved.
--> Parameter TMPDIR set to xst/projnav.tmp


Total REAL time to Xst completion: 0.00 secs
Total CPU time to Xst completion: 0.18 secs
 
--> Parameter xsthdpdir set to xst


Total REAL time to Xst completion: 0.00 secs
Total CPU time to Xst completion: 0.19 secs
 
--> Reading design: top.prj

TABLE OF CONTENTS
  1) Synthesis Options Summary
  2) HDL Compilation
  3) Design Hierarchy Analysis
  4) HDL Analysis
  5) HDL Synthesis
     5.1) HDL Synthesis Report
  6) Advanced HDL Synthesis
     6.1) Advanced HDL Synthesis Report
  7) Low Level Synthesis
  8) Partition Report
  9) Final Report
	9.1) Device utilization summary
	9.2) Partition Resource Summary
	9.3) TIMING REPORT


=========================================================================
*                      Synthesis Options Summary                        *
=========================================================================
---- Source Parameters
Input File Name                    : "top.prj"
Input Format                       : mixed
Ignore Synthesis Constraint File   : NO

---- Target Parameters
Output File Name                   : "top"
Output Format                      : NGC
Target Device                      : xc3s250e-4-tq144

---- Source Options
Top Module Name                    : top
Automatic FSM Extraction           : YES
FSM Encoding Algorithm             : Auto
Safe Implementation                : No
FSM Style                          : LUT
RAM Extraction                     : Yes
RAM Style                          : Auto
ROM Extraction                     : Yes
Mux Style                          : Auto
Decoder Extraction                 : YES
Priority Encoder Extraction        : Yes
Shift Register Extraction          : YES
Logical Shifter Extraction         : YES
XOR Collapsing                     : YES
ROM Style                          : Auto
Mux Extraction                     : Yes
Resource Sharing                   : YES
Asynchronous To Synchronous        : NO
Multiplier Style                   : Auto
Automatic Register Balancing       : No

---- Target Options
Add IO Buffers                     : YES
Global Maximum Fanout              : 500
Add Generic Clock Buffer(BUFG)     : 24
Register Duplication               : YES
Slice Packing                      : YES
Optimize Instantiated Primitives   : NO
Use Clock Enable                   : Yes
Use Synchronous Set                : Yes
Use Synchronous Reset              : Yes
Pack IO Registers into IOBs        : Auto
Equivalent register Removal        : YES

---- General Options
Optimization Goal                  : Speed
Optimization Effort                : 1
Keep Hierarchy                     : No
Netlist Hierarchy                  : As_Optimized
RTL Output                         : Yes
Global Optimization                : AllClockNets
Read Cores                         : YES
Write Timing Constraints           : NO
Cross Clock Analysis               : NO
Hierarchy Separator                : /
Bus Delimiter                      : <>
Case Specifier                     : Maintain
Slice Utilization Ratio            : 100
BRAM Utilization Ratio             : 100
Verilog 2001                       : YES
Auto BRAM Packing                  : NO
Slice Utilization Ratio Delta      : 5

=========================================================================


=========================================================================
*                          HDL Compilation                              *
=========================================================================
Compiling vhdl file "C:/Xilinx/Projects/DLP-FPGA/lab3/sram_test/low_dcm.vhd" in Library work.
Architecture behavioral of Entity low_dcm is up to date.
Compiling vhdl file "C:/Xilinx/Projects/DLP-FPGA/lab2/heartbeat COMPLETED/heartbeat.vhd" in Library work.
Architecture behavioral of Entity heartbeat is up to date.
Compiling vhdl file "//pluto/users/AlTaylor/mid_dcm.vhd" in Library work.
Architecture behavioral of Entity mid_dcm is up to date.
Compiling vhdl file "C:/Xilinx/Projects/DLP-FPGA/lab2/heartbeat COMPLETED/top.vhd" in Library work.
Architecture behavioral of Entity top is up to date.

=========================================================================
*                     Design Hierarchy Analysis                         *
=========================================================================
Analyzing hierarchy for entity <top> in library <work> (architecture <behavioral>).

Analyzing hierarchy for entity <low_dcm> in library <work> (architecture <behavioral>).

Analyzing hierarchy for entity <heartbeat> in library <work> (architecture <behavioral>).

Analyzing hierarchy for entity <mid_dcm> in library <work> (architecture <behavioral>).


=========================================================================
*                            HDL Analysis                               *
=========================================================================
Analyzing Entity <top> in library <work> (Architecture <behavioral>).
Entity <top> analyzed. Unit <top> generated.

Analyzing Entity <low_dcm> in library <work> (Architecture <behavioral>).
    Set user-defined property "CAPACITANCE =  DONT_CARE" for instance <CLKIN_IBUFG_INST> in unit <low_dcm>.
    Set user-defined property "IBUF_DELAY_VALUE =  0" for instance <CLKIN_IBUFG_INST> in unit <low_dcm>.
    Set user-defined property "IBUF_LOW_PWR =  TRUE" for instance <CLKIN_IBUFG_INST> in unit <low_dcm>.
    Set user-defined property "IOSTANDARD =  DEFAULT" for instance <CLKIN_IBUFG_INST> in unit <low_dcm>.
    Set user-defined property "CLKDV_DIVIDE =  16.0000000000000000" for instance <DCM_SP_INST> in unit <low_dcm>.
    Set user-defined property "CLKFX_DIVIDE =  1" for instance <DCM_SP_INST> in unit <low_dcm>.
    Set user-defined property "CLKFX_MULTIPLY =  4" for instance <DCM_SP_INST> in unit <low_dcm>.
    Set user-defined property "CLKIN_DIVIDE_BY_2 =  FALSE" for instance <DCM_SP_INST> in unit <low_dcm>.
    Set user-defined property "CLKIN_PERIOD =  166.6670000000000000" for instance <DCM_SP_INST> in unit <low_dcm>.
    Set user-defined property "CLKOUT_PHASE_SHIFT =  NONE" for instance <DCM_SP_INST> in unit <low_dcm>.
    Set user-defined property "CLK_FEEDBACK =  1X" for instance <DCM_SP_INST> in unit <low_dcm>.
    Set user-defined property "DESKEW_ADJUST =  SYSTEM_SYNCHRONOUS" for instance <DCM_SP_INST> in unit <low_dcm>.
    Set user-defined property "DFS_FREQUENCY_MODE =  LOW" for instance <DCM_SP_INST> in unit <low_dcm>.
    Set user-defined property "DLL_FREQUENCY_MODE =  LOW" for instance <DCM_SP_INST> in unit <low_dcm>.
    Set user-defined property "DSS_MODE =  NONE" for instance <DCM_SP_INST> in unit <low_dcm>.
    Set user-defined property "DUTY_CYCLE_CORRECTION =  TRUE" for instance <DCM_SP_INST> in unit <low_dcm>.
    Set user-defined property "FACTORY_JF =  C080" for instance <DCM_SP_INST> in unit <low_dcm>.
    Set user-defined property "PHASE_SHIFT =  0" for instance <DCM_SP_INST> in unit <low_dcm>.
    Set user-defined property "STARTUP_WAIT =  FALSE" for instance <DCM_SP_INST> in unit <low_dcm>.
Entity <low_dcm> analyzed. Unit <low_dcm> generated.

Analyzing Entity <heartbeat> in library <work> (Architecture <behavioral>).
Entity <heartbeat> analyzed. Unit <heartbeat> generated.

Analyzing Entity <mid_dcm> in library <work> (Architecture <behavioral>).
WARNING:Xst:2211 - "//pluto/users/AlTaylor/mid_dcm.vhd" line 88: Instantiating black box module <BUFG>.
WARNING:Xst:2211 - "//pluto/users/AlTaylor/mid_dcm.vhd" line 92: Instantiating black box module <BUFG>.
WARNING:Xst:753 - "//pluto/users/AlTaylor/mid_dcm.vhd" line 96: Unconnected output port 'CLK90' of component 'DCM_SP'.
WARNING:Xst:753 - "//pluto/users/AlTaylor/mid_dcm.vhd" line 96: Unconnected output port 'CLK180' of component 'DCM_SP'.
WARNING:Xst:753 - "//pluto/users/AlTaylor/mid_dcm.vhd" line 96: Unconnected output port 'CLK270' of component 'DCM_SP'.
WARNING:Xst:753 - "//pluto/users/AlTaylor/mid_dcm.vhd" line 96: Unconnected output port 'CLKDV' of component 'DCM_SP'.
WARNING:Xst:753 - "//pluto/users/AlTaylor/mid_dcm.vhd" line 96: Unconnected output port 'CLK2X' of component 'DCM_SP'.
WARNING:Xst:753 - "//pluto/users/AlTaylor/mid_dcm.vhd" line 96: Unconnected output port 'CLK2X180' of component 'DCM_SP'.
WARNING:Xst:753 - "//pluto/users/AlTaylor/mid_dcm.vhd" line 96: Unconnected output port 'CLKFX180' of component 'DCM_SP'.
WARNING:Xst:753 - "//pluto/users/AlTaylor/mid_dcm.vhd" line 96: Unconnected output port 'STATUS' of component 'DCM_SP'.
WARNING:Xst:753 - "//pluto/users/AlTaylor/mid_dcm.vhd" line 96: Unconnected output port 'PSDONE' of component 'DCM_SP'.
WARNING:Xst:2211 - "//pluto/users/AlTaylor/mid_dcm.vhd" line 96: Instantiating black box module <DCM_SP>.
    Set user-defined property "CLKDV_DIVIDE =  2.0000000000000000" for instance <DCM_SP_INST> in unit <mid_dcm>.
    Set user-defined property "CLKFX_DIVIDE =  6" for instance <DCM_SP_INST> in unit <mid_dcm>.
    Set user-defined property "CLKFX_MULTIPLY =  25" for instance <DCM_SP_INST> in unit <mid_dcm>.
    Set user-defined property "CLKIN_DIVIDE_BY_2 =  FALSE" for instance <DCM_SP_INST> in unit <mid_dcm>.
    Set user-defined property "CLKIN_PERIOD =  166.6670000000000000" for instance <DCM_SP_INST> in unit <mid_dcm>.
    Set user-defined property "CLKOUT_PHASE_SHIFT =  NONE" for instance <DCM_SP_INST> in unit <mid_dcm>.
    Set user-defined property "CLK_FEEDBACK =  1X" for instance <DCM_SP_INST> in unit <mid_dcm>.
    Set user-defined property "DESKEW_ADJUST =  SYSTEM_SYNCHRONOUS" for instance <DCM_SP_INST> in unit <mid_dcm>.
    Set user-defined property "DFS_FREQUENCY_MODE =  LOW" for instance <DCM_SP_INST> in unit <mid_dcm>.
    Set user-defined property "DLL_FREQUENCY_MODE =  LOW" for instance <DCM_SP_INST> in unit <mid_dcm>.
    Set user-defined property "DSS_MODE =  NONE" for instance <DCM_SP_INST> in unit <mid_dcm>.
    Set user-defined property "DUTY_CYCLE_CORRECTION =  TRUE" for instance <DCM_SP_INST> in unit <mid_dcm>.
    Set user-defined property "FACTORY_JF =  C080" for instance <DCM_SP_INST> in unit <mid_dcm>.
    Set user-defined property "PHASE_SHIFT =  0" for instance <DCM_SP_INST> in unit <mid_dcm>.
    Set user-defined property "STARTUP_WAIT =  FALSE" for instance <DCM_SP_INST> in unit <mid_dcm>.
Entity <mid_dcm> analyzed. Unit <mid_dcm> generated.


=========================================================================
*                           HDL Synthesis                               *
=========================================================================

Performing bidirectional port resolution...

Synthesizing Unit <heartbeat>.
    Related source file is "C:/Xilinx/Projects/DLP-FPGA/lab2/heartbeat COMPLETED/heartbeat.vhd".
    Found 18-bit up counter for signal <count>.
    Summary:
	inferred   1 Counter(s).
Unit <heartbeat> synthesized.


Synthesizing Unit <low_dcm>.
    Related source file is "C:/Xilinx/Projects/DLP-FPGA/lab3/sram_test/low_dcm.vhd".
Unit <low_dcm> synthesized.


Synthesizing Unit <mid_dcm>.
    Related source file is "//pluto/users/AlTaylor/mid_dcm.vhd".
Unit <mid_dcm> synthesized.


Synthesizing Unit <top>.
    Related source file is "C:/Xilinx/Projects/DLP-FPGA/lab2/heartbeat COMPLETED/top.vhd".
WARNING:Xst:646 - Signal <no_connect> is assigned but never used. This unconnected signal will be trimmed during the optimization process.
WARNING:Xst:646 - Signal <clock_6m> is assigned but never used. This unconnected signal will be trimmed during the optimization process.
WARNING:Xst:646 - Signal <clock_25m> is assigned but never used. This unconnected signal will be trimmed during the optimization process.
Unit <top> synthesized.


=========================================================================
HDL Synthesis Report

Macro Statistics
# Counters                                             : 1
 18-bit up counter                                     : 1

=========================================================================

=========================================================================
*                       Advanced HDL Synthesis                          *
=========================================================================


=========================================================================
Advanced HDL Synthesis Report

Macro Statistics
# Counters                                             : 1
 18-bit up counter                                     : 1

=========================================================================

=========================================================================
*                         Low Level Synthesis                           *
=========================================================================

Optimizing unit <top> ...

Mapping all equations...
Building and optimizing final netlist ...
Found area constraint ratio of 100 (+ 5) on block top, actual ratio is 0.

Final Macro Processing ...

=========================================================================
Final Register Report

Macro Statistics
# Registers                                            : 18
 Flip-Flops                                            : 18

=========================================================================

=========================================================================
*                           Partition Report                            *
=========================================================================

Partition Implementation Status
-------------------------------

  No Partitions were found in this design.

-------------------------------

=========================================================================
*                            Final Report                               *
=========================================================================
Final Results
RTL Top Level Output File Name     : top.ngr
Top Level Output File Name         : top
Output Format                      : NGC
Optimization Goal                  : Speed
Keep Hierarchy                     : No

Design Statistics
# IOs                              : 3

Cell Usage :
# BELS                             : 57
#      GND                         : 1
#      INV                         : 2
#      LUT1                        : 17
#      LUT2                        : 1
#      MUXCY                       : 17
#      VCC                         : 1
#      XORCY                       : 18
# FlipFlops/Latches                : 18
#      FDC                         : 18
# Clock Buffers                    : 4
#      BUFG                        : 4
# IO Buffers                       : 3
#      IBUF                        : 1
#      IBUFG                       : 1
#      OBUF                        : 1
# DCMs                             : 2
#      DCM_SP                      : 2
=========================================================================

Device utilization summary:
---------------------------

Selected Device : 3s250etq144-4 

 Number of Slices:                       10  out of   2448     0%  
 Number of Slice Flip Flops:             18  out of   4896     0%  
 Number of 4 input LUTs:                 20  out of   4896     0%  
 Number of IOs:                           3
 Number of bonded IOBs:                   3  out of    108     2%  
 Number of GCLKs:                         4  out of     24    16%  
 Number of DCMs:                          2  out of      4    50%  

---------------------------
Partition Resource Summary:
---------------------------

  No Partitions were found in this design.

---------------------------


=========================================================================
TIMING REPORT

NOTE: THESE TIMING NUMBERS ARE ONLY A SYNTHESIS ESTIMATE.
      FOR ACCURATE TIMING INFORMATION PLEASE REFER TO THE TRACE REPORT
      GENERATED AFTER PLACE-and-ROUTE.

Clock Information:
------------------
-----------------------------------+-------------------------------+-------+
Clock Signal                       | Clock buffer(FF name)         | Load  |
-----------------------------------+-------------------------------+-------+
clk_in                             | Inst_low_dcm/DCM_SP_INST:CLKDV| 18    |
-----------------------------------+-------------------------------+-------+

Asynchronous Control Signals Information:
----------------------------------------
-----------------------------------+-----------------------------+-------+
Control Signal                     | Buffer(FF name)             | Load  |
-----------------------------------+-----------------------------+-------+
reset_locked(reset_locked1:O)      | NONE(Inst_heartbeat/count_0)| 18    |
-----------------------------------+-----------------------------+-------+

Timing Summary:
---------------
Speed Grade: -4

   Minimum period: 0.272ns (Maximum Frequency: 3677.315MHz)
   Minimum input arrival time before clock: No path found
   Maximum output required time after clock: 4.310ns
   Maximum combinational path delay: No path found

Timing Detail:
--------------
All values displayed in nanoseconds (ns)

=========================================================================
Timing constraint: Default period analysis for Clock 'clk_in'
  Clock period: 0.272ns (frequency: 3677.315MHz)
  Total number of paths / destination ports: 171 / 18
-------------------------------------------------------------------------
Delay:               4.351ns (Levels of Logic = 18)
  Source:            Inst_heartbeat/count_1 (FF)
  Destination:       Inst_heartbeat/count_17 (FF)
  Source Clock:      clk_in rising 0.1X
  Destination Clock: clk_in rising 0.1X

  Data Path: Inst_heartbeat/count_1 to Inst_heartbeat/count_17
                                Gate     Net
    Cell:in->out      fanout   Delay   Delay  Logical Name (Net Name)
    ----------------------------------------  ------------
     FDC:C->Q              1   0.591   0.595  Inst_heartbeat/count_1 (Inst_heartbeat/count_1)
     LUT1:I0->O            1   0.704   0.000  Inst_heartbeat/Mcount_count_cy<1>_rt (Inst_heartbeat/Mcount_count_cy<1>_rt)
     MUXCY:S->O            1   0.464   0.000  Inst_heartbeat/Mcount_count_cy<1> (Inst_heartbeat/Mcount_count_cy<1>)
     MUXCY:CI->O           1   0.059   0.000  Inst_heartbeat/Mcount_count_cy<2> (Inst_heartbeat/Mcount_count_cy<2>)
     MUXCY:CI->O           1   0.059   0.000  Inst_heartbeat/Mcount_count_cy<3> (Inst_heartbeat/Mcount_count_cy<3>)
     MUXCY:CI->O           1   0.059   0.000  Inst_heartbeat/Mcount_count_cy<4> (Inst_heartbeat/Mcount_count_cy<4>)
     MUXCY:CI->O           1   0.059   0.000  Inst_heartbeat/Mcount_count_cy<5> (Inst_heartbeat/Mcount_count_cy<5>)
     MUXCY:CI->O           1   0.059   0.000  Inst_heartbeat/Mcount_count_cy<6> (Inst_heartbeat/Mcount_count_cy<6>)
     MUXCY:CI->O           1   0.059   0.000  Inst_heartbeat/Mcount_count_cy<7> (Inst_heartbeat/Mcount_count_cy<7>)
     MUXCY:CI->O           1   0.059   0.000  Inst_heartbeat/Mcount_count_cy<8> (Inst_heartbeat/Mcount_count_cy<8>)
     MUXCY:CI->O           1   0.059   0.000  Inst_heartbeat/Mcount_count_cy<9> (Inst_heartbeat/Mcount_count_cy<9>)
     MUXCY:CI->O           1   0.059   0.000  Inst_heartbeat/Mcount_count_cy<10> (Inst_heartbeat/Mcount_count_cy<10>)
     MUXCY:CI->O           1   0.059   0.000  Inst_heartbeat/Mcount_count_cy<11> (Inst_heartbeat/Mcount_count_cy<11>)
     MUXCY:CI->O           1   0.059   0.000  Inst_heartbeat/Mcount_count_cy<12> (Inst_heartbeat/Mcount_count_cy<12>)
     MUXCY:CI->O           1   0.059   0.000  Inst_heartbeat/Mcount_count_cy<13> (Inst_heartbeat/Mcount_count_cy<13>)
     MUXCY:CI->O           1   0.059   0.000  Inst_heartbeat/Mcount_count_cy<14> (Inst_heartbeat/Mcount_count_cy<14>)
     MUXCY:CI->O           1   0.059   0.000  Inst_heartbeat/Mcount_count_cy<15> (Inst_heartbeat/Mcount_count_cy<15>)
     MUXCY:CI->O           0   0.059   0.000  Inst_heartbeat/Mcount_count_cy<16> (Inst_heartbeat/Mcount_count_cy<16>)
     XORCY:CI->O           1   0.804   0.000  Inst_heartbeat/Mcount_count_xor<17> (Result<17>)
     FDC:D                     0.308          Inst_heartbeat/count_17
    ----------------------------------------
    Total                      4.351ns (3.756ns logic, 0.595ns route)
                                       (86.3% logic, 13.7% route)

=========================================================================
Timing constraint: Default OFFSET OUT AFTER for Clock 'clk_in'
  Total number of paths / destination ports: 1 / 1
-------------------------------------------------------------------------
Offset:              4.310ns (Levels of Logic = 1)
  Source:            Inst_heartbeat/count_17 (FF)
  Destination:       heartbeat_led (PAD)
  Source Clock:      clk_in rising 0.1X

  Data Path: Inst_heartbeat/count_17 to heartbeat_led
                                Gate     Net
    Cell:in->out      fanout   Delay   Delay  Logical Name (Net Name)
    ----------------------------------------  ------------
     FDC:C->Q              2   0.591   0.447  Inst_heartbeat/count_17 (Inst_heartbeat/count_17)
     OBUF:I->O                 3.272          heartbeat_led_OBUF (heartbeat_led)
    ----------------------------------------
    Total                      4.310ns (3.863ns logic, 0.447ns route)
                                       (89.6% logic, 10.4% route)

=========================================================================


Total REAL time to Xst completion: 20.00 secs
Total CPU time to Xst completion: 19.80 secs
 
--> 

Total memory usage is 282876 kilobytes

Number of errors   :    0 (   0 filtered)
Number of warnings :   15 (   0 filtered)
Number of infos    :    0 (   0 filtered)

