V3 3
FL C:/Xilinx/Projects/DLP-FGPA/lab1/and_gate.vhd 2012/12/15.15:43:59 P.15xf
EN work/and_gate 1355586245 FL C:/Xilinx/Projects/DLP-FGPA/lab1/and_gate.vhd \
      PB ieee/std_logic_1164 1335251622
AR work/and_gate/Behavioral 1355586246 \
      FL C:/Xilinx/Projects/DLP-FGPA/lab1/and_gate.vhd EN work/and_gate 1355586245
