V3 19
FL //pluto/users/AlTaylor/mid_dcm.vhd 2007/06/24.22:22:20 P.40xd
EN work/mid_dcm 1351876300 FL //pluto/users/AlTaylor/mid_dcm.vhd \
      PB ieee/std_logic_1164 1350103243 PB ieee/NUMERIC_STD 1350103249 LB UNISIM \
      PH unisim/VCOMPONENTS 1350103252
AR work/mid_dcm/BEHAVIORAL 1351876301 \
      FL //pluto/users/AlTaylor/mid_dcm.vhd EN work/mid_dcm 1351876300 CP BUFG \
      CP DCM_SP
FL "C:/Xilinx/Projects/DLP-FPGA/lab2/heartbeat COMPLETED/heartbeat.vhd" 2007/06/15.14:08:40 P.40xd
EN work/heartbeat 1351876298 \
      FL "C:/Xilinx/Projects/DLP-FPGA/lab2/heartbeat COMPLETED/heartbeat.vhd" \
      PB ieee/std_logic_1164 1350103243 PB ieee/std_logic_arith 1350103244 \
      PB ieee/STD_LOGIC_UNSIGNED 1350103247
AR work/heartbeat/Behavioral 1351876299 \
      FL "C:/Xilinx/Projects/DLP-FPGA/lab2/heartbeat COMPLETED/heartbeat.vhd" \
      EN work/heartbeat 1351876298
FL "C:/Xilinx/Projects/DLP-FPGA/lab2/heartbeat COMPLETED/top.vhd" 2012/11/02.17:11:11 P.40xd
EN work/top 1351876302 \
      FL "C:/Xilinx/Projects/DLP-FPGA/lab2/heartbeat COMPLETED/top.vhd" \
      PB ieee/std_logic_1164 1350103243 PB ieee/std_logic_arith 1350103244 \
      PB ieee/STD_LOGIC_UNSIGNED 1350103247 LB UNISIM PH unisim/VCOMPONENTS 1350103252
AR work/top/Behavioral 1351876303 \
      FL "C:/Xilinx/Projects/DLP-FPGA/lab2/heartbeat COMPLETED/top.vhd" \
      EN work/top 1351876302 CP low_dcm CP heartbeat CP mid_dcm
FL C:/Xilinx/Projects/DLP-FPGA/lab3/sram_test/low_dcm.vhd 2012/11/02.12:22:13 P.40xd
EN work/low_dcm 1351876296 \
      FL C:/Xilinx/Projects/DLP-FPGA/lab3/sram_test/low_dcm.vhd \
      PB ieee/std_logic_1164 1350103243 PB ieee/NUMERIC_STD 1350103249 LB UNISIM \
      PH unisim/VCOMPONENTS 1350103252
AR work/low_dcm/BEHAVIORAL 1351876297 \
      FL C:/Xilinx/Projects/DLP-FPGA/lab3/sram_test/low_dcm.vhd EN work/low_dcm 1351876296 \
      CP BUFG CP IBUFG CP DCM_SP
