EN mid_dcm NULL C:/Xilinx/Projects/DLP-FGPA/lab3/lab3/sram_test/mid_dcm.vhd sub00/vhpl04 1355822525
AR sram_sm rtl C:/Xilinx/Projects/DLP-FGPA/lab3/lab3/sram_test/sram_sm.vhd sub00/vhpl09 1355822528
EN heartbeat NULL C:/Xilinx/Projects/DLP-FGPA/lab3/lab3/sram_test/heartbeat.vhd sub00/vhpl02 1355822523
EN top NULL C:/Xilinx/Projects/DLP-FGPA/lab3/lab3/sram_test/top.vhd sub00/vhpl06 1355822529
AR low_dcm behavioral C:/Xilinx/Projects/DLP-FGPA/lab3/lab3/sram_test/low_dcm.vhd sub00/vhpl01 1355822522
EN sram_sm NULL C:/Xilinx/Projects/DLP-FGPA/lab3/lab3/sram_test/sram_sm.vhd sub00/vhpl08 1355822527
AR heartbeat behavioral C:/Xilinx/Projects/DLP-FGPA/lab3/lab3/sram_test/heartbeat.vhd sub00/vhpl03 1355822524
AR mid_dcm behavioral C:/Xilinx/Projects/DLP-FGPA/lab3/lab3/sram_test/mid_dcm.vhd sub00/vhpl05 1355822526
EN low_dcm NULL C:/Xilinx/Projects/DLP-FGPA/lab3/lab3/sram_test/low_dcm.vhd sub00/vhpl00 1355822521
AR top behavioral C:/Xilinx/Projects/DLP-FGPA/lab3/lab3/sram_test/top.vhd sub00/vhpl07 1355822530
