AR dcm_sp_clock_lost dcm_sp_clock_lost_v J:/J.33/rtf/vhdl/src/unisims/unisim_VITAL.vhd arch.3073516,3081286.-1 1173818076
EN dcm_sp NULL J:/J.33/rtf/vhdl/src/unisims/unisim_VITAL.vhd arch.3081286,3084958.-1 1173818077
PH vpkg NULL J:/J.33/rtf/vhdl/src/unisims/unisim_VPKG.vhd arch.2510099,2643631.-1 1173817968
AR dcm_sp_clock_divide_by_2 dcm_sp_clock_divide_by_2_v J:/J.33/rtf/vhdl/src/unisims/unisim_VITAL.vhd arch.3065167,3068016.-1 1173818072
AR bufg bufg_v J:/J.33/rtf/vhdl/src/unisims/unisim_VITAL.vhd arch.2746878,2747339.-1 1173818023
EN dcm_sp_clock_lost NULL J:/J.33/rtf/vhdl/src/unisims/unisim_VITAL.vhd arch.3072746,3073516.-1 1173818075
AR dcm_sp dcm_sp_v J:/J.33/rtf/vhdl/src/unisims/unisim_VITAL.vhd arch.3084958,3170412.-1 1173818078
PH vcomponents NULL J:/J.33/rtf/vhdl/src/unisims/unisim_VCOMP.vhd arch.0,2510099.-1 1173817964
EN dcm_sp_maximum_period_check NULL J:/J.33/rtf/vhdl/src/unisims/unisim_VITAL.vhd arch.3068016,3069031.-1 1173818073
EN bufg NULL J:/J.33/rtf/vhdl/src/unisims/unisim_VITAL.vhd arch.2746332,2746878.-1 1173818022
EN ibufg NULL J:/J.33/rtf/vhdl/src/unisims/unisim_VITAL.vhd arch.3334133,3335007.-1 1173818287
AR dcm_sp_maximum_period_check dcm_sp_maximum_period_check_v J:/J.33/rtf/vhdl/src/unisims/unisim_VITAL.vhd arch.3069031,3072746.-1 1173818074
AR ibufg ibufg_v J:/J.33/rtf/vhdl/src/unisims/unisim_VITAL.vhd arch.3335007,3337721.-1 1173818288
EN dcm_sp_clock_divide_by_2 NULL J:/J.33/rtf/vhdl/src/unisims/unisim_VITAL.vhd arch.3064367,3065167.-1 1173818071
